[mzucker.github.io/2016/08/15/page-dewarping.html]
[backblue.gif]
[fade.gif]
[index.html]
[mzucker.github.io/css/main.css]
[www.google-analytics.com/analytics.js]
[mzucker.github.io/images/page_dewarp/linguistics_thesis_a_before_after.png]
[mzucker.github.io/images/page_dewarp/cubic_splines.png]
[mzucker.github.io/images/page_dewarp/page_warping.gif]
[mzucker.github.io/images/page_dewarp/linguistics_thesis_a_keypoints.png]
[mzucker.github.io/images/page_dewarp/linguistics_thesis_a_debug_0.1_thresholded.png]
[mzucker.github.io/images/page_dewarp/linguistics_thesis_a_debug_0.2_dilated.png]
[mzucker.github.io/images/page_dewarp/linguistics_thesis_a_debug_0.3_eroded.png]
[mzucker.github.io/images/page_dewarp/linguistics_thesis_a_debug_1_contours.png]
[mzucker.github.io/images/page_dewarp/linguistics_thesis_b_line_contours.png]
[mzucker.github.io/images/page_dewarp/linguistics_thesis_a_debug_2_spans.png]
[mzucker.github.io/images/page_dewarp/linguistics_thesis_a_debug_3_span_points.png]
[mzucker.github.io/images/page_dewarp/boston_cooking_a_before_after.png]
[mzucker.github.io/images/page_dewarp/boston_cooking_b_before_after.png]
[mzucker.github.io/images/page_dewarp/linguistics_thesis_b_before_after.png]
[mzucker.github.io/2016/08/15/page-dewarping.html]
[mzucker.github.io/css/main.css]
[cdnjs.cloudflare.com/ajax/libs/mathjax/2.7.1/MathJaxdda6.js]
